// Vitest Snapshot v1, https://vitest.dev/guide/snapshot.html

exports[`集成测试 > Context层级与优先级 > 应该正确处理多层Context的配置优先级 > nested-inner-context 1`] = `"1.234,6 €"`;

exports[`集成测试 > Context层级与优先级 > 应该正确处理多层Context的配置优先级 > nested-override 1`] = `"1.234,568"`;

exports[`集成测试 > 完整功能快照测试 > 应该为完整的应用场景生成快照 > full-featured-app 1`] = `
<div
  data-testid="full-app"
>
  <h1>
    Financial Dashboard
  </h1>
  <section>
    <h2>
      Revenue Metrics
    </h2>
    <span>
      1,234,567.89
    </span>
    <span>
      456,789.12
    </span>
  </section>
  <section>
    <h2>
      Performance Metrics
    </h2>
    <span>
      0.123
    </span>
    <span>
      0.057
    </span>
  </section>
  <section>
    <h2>
      Custom Formats
    </h2>
    <span>
      123M
    </span>
    <span>
      123‰
    </span>
  </section>
</div>
`;

exports[`集成测试 > 边缘情况和错误处理 > 应该优雅处理配置错误 > conflicting-config 1`] = `"US$123.00"`;

exports[`集成测试 > 边缘情况和错误处理 > 应该处理特殊数值 > special-value-infinity 1`] = `"∞"`;

exports[`集成测试 > 边缘情况和错误处理 > 应该处理特殊数值 > special-value-max-safe 1`] = `"9,007,199,254,740,991"`;

exports[`集成测试 > 边缘情况和错误处理 > 应该处理特殊数值 > special-value-min-safe 1`] = `"-9,007,199,254,740,991"`;

exports[`集成测试 > 边缘情况和错误处理 > 应该处理特殊数值 > special-value-nan 1`] = `"N/A"`;

exports[`集成测试 > 边缘情况和错误处理 > 应该处理特殊数值 > special-value-neg-infinity 1`] = `"-∞"`;

exports[`集成测试 > 边缘情况和错误处理 > 应该处理特殊数值 > special-value-neg-zero 1`] = `"-0"`;

exports[`集成测试 > 边缘情况和错误处理 > 应该处理特殊数值 > special-value-zero 1`] = `"0"`;
